// Jest Snapshot v1, https://goo.gl/fbAQLP

exports[`Pruebas de GifCard componente debe hacer match con el snapshot  1`] = `
<div>
  <div
    class="card"
  >
    <img
      alt="Este es el titulo"
      src="https://giphy.com/embed/uBRwFMpdukW1hf8yqS"
    />
    <p>
      Este es el titulo
    </p>
  </div>
</div>
`;
